// Jest Snapshot v1, https://goo.gl/fbAQLP

exports[`getAutocorrelationChart check jsgraph chart 1`] = `
Object {
  "color": Array [
    "rgb(255,0,0)",
    "rgb(255,0,0)",
    "rgb(255,35,0)",
    "rgb(0,0,255)",
  ],
  "styles": Object {
    "selected": Object {
      "lineStyle": 1,
      "lineWidth": 3,
    },
    "unselected": Object {
      "lineStyle": 1,
      "lineWidth": 1,
    },
  },
  "type": "color",
  "x": Array [
    0,
    1,
    2,
    3,
  ],
  "y": Array [
    2,
    4,
    5.5,
    3.75,
  ],
}
`;
